// Jest Snapshot v1, https://goo.gl/fbAQLP

exports[`RangeInput renders without crashing 1`] = `
<div
  className="reactist_range_input"
>
  <span
    className="range_btn minus"
    onClick={[Function]}
  />
  <input
    className="range_slider"
    max={100}
    min={0}
    onChange={[Function]}
    step={1}
    type="range"
    value={50}
  />
  <span
    className="range_btn plus"
    onClick={[Function]}
  />
</div>
`;
